File write works